// Jest Snapshot v1, https://goo.gl/fbAQLP

exports[`TopSection when session fetched but no authority renders 1 with no authority requirement 1`] = `
<div
  class="sidemenu__top"
>
  <div
    class="sidemenu-item dropdown justify-content-center css-175dj8u"
  >
    <a
      class="sidemenu-link"
    >
      <span
        class="icon-circle sidemenu-icon"
      >
        <div
          class="css-1vzus6i-Icon"
        >
          <svg
            aria-hidden="true"
            class="svg-inline--fa fa-cube fa-w-16 fa-1x css-1u3o4ib"
            data-icon="cube"
            data-prefix="fas"
            focusable="false"
            role="img"
            viewBox="0 0 512 512"
            xmlns="http://www.w3.org/2000/svg"
          >
            <path
              d="M239.1 6.3l-208 78c-18.7 7-31.1 25-31.1 45v225.1c0 18.2 10.3 34.8 26.5 42.9l208 104c13.5 6.8 29.4 6.8 42.9 0l208-104c16.3-8.1 26.5-24.8 26.5-42.9V129.3c0-20-12.4-37.9-31.1-44.9l-208-78C262 2.2 250 2.2 239.1 6.3zM256 68.4l192 72v1.1l-192 78-192-78v-1.1l192-72zm32 356V275.5l160-65v133.9l-160 80z"
              fill="currentColor"
            />
          </svg>
        </div>
      </span>
    </a>
    <ul
      class="dropdown-menu dropdown-menu--sidemenu"
      role="menu"
    >
      <li
        class="side-menu-header"
      >
        <a
          aria-current="page"
          class="side-menu-header-link active"
          href="#"
        >
          <span
            class="sidemenu-item-text"
          >
            open
          </span>
        </a>
      </li>
    </ul>
  </div>
</div>
`;
